exports[`test renders a modal item 1`] = `
<View
  accessibilityComponentType={undefined}
  accessibilityLabel={undefined}
  accessibilityTraits={undefined}
  accessible={true}
  hitSlop={undefined}
  onLayout={undefined}
  onResponderGrant={[Function]}
  onResponderMove={[Function]}
  onResponderRelease={[Function]}
  onResponderTerminate={[Function]}
  onResponderTerminationRequest={[Function]}
  onStartShouldSetResponder={[Function]}
  style={
    Array [
      Object {
        "backgroundColor": "transparent",
      },
      undefined,
    ]
  }
  testID={undefined}>
  <View
    style={
      Object {
        "alignItems": "center",
        "borderBottomColor": "#bbb",
        "borderBottomWidth": 1,
        "flexDirection": "row",
        "height": 50,
        "justifyContent": "space-between",
        "paddingHorizontal": 20,
      }
    }>
    <Text
      accessible={true}
      allowFontScaling={true}
      ellipsizeMode="tail"
      style={
        Object {
          "fontSize": 16,
        }
      }>
      C
    </Text>
    <View
      style={
        Array [
          Object {
            "alignItems": "center",
            "borderColor": "#888",
            "borderRadius": 10,
            "borderWidth": 1,
            "height": 20,
            "justifyContent": "center",
            "overflow": "hidden",
            "width": 20,
          },
          Object {},
        ]
      } />
  </View>
</View>
`;

exports[`test renders disabled LabelSelect 1`] = `
<View
  style={
    Array [
      Object {
        "alignItems": "center",
        "flexDirection": "row",
        "flexWrap": "wrap",
        "justifyContent": "flex-start",
      },
      Object {},
    ]
  }>
  <View
    style={
      Array [
        Object {
          "alignItems": "center",
          "backgroundColor": "#f6f6f6",
          "borderColor": "#aaa",
          "borderRadius": 6,
          "borderWidth": 1,
          "flexDirection": "row",
          "justifyContent": "center",
          "margin": 4,
          "overflow": "hidden",
        },
        Object {
          "backgroundColor": "#eaeaea",
        },
      ]
    }>
    <Text
      accessible={true}
      allowFontScaling={true}
      ellipsizeMode="tail"
      style={
        Array [
          Object {
            "fontSize": 14,
            "lineHeight": 14,
            "padding": 6,
          },
          Object {
            "color": "#999",
          },
        ]
      }>
      A
    </Text>
  </View>
  <View
    style={
      Array [
        Object {
          "alignItems": "center",
          "backgroundColor": "#f6f6f6",
          "borderColor": "#aaa",
          "borderRadius": 6,
          "borderWidth": 1,
          "flexDirection": "row",
          "justifyContent": "center",
          "margin": 4,
          "overflow": "hidden",
        },
        Object {
          "backgroundColor": "#eaeaea",
        },
      ]
    }>
    <Text
      accessible={true}
      allowFontScaling={true}
      ellipsizeMode="tail"
      style={
        Array [
          Object {
            "fontSize": 14,
            "lineHeight": 14,
            "padding": 6,
          },
          Object {
            "color": "#999",
          },
        ]
      }>
      B
    </Text>
  </View>
  <Modal
    onRequestClose={[Function]}
    transparent={true}
    visible={false}>
    <View
      style={
        Object {
          "flex": 1,
        }
      }>
      <View
        accessibilityComponentType={undefined}
        accessibilityLabel={undefined}
        accessibilityTraits={undefined}
        accessible={true}
        hitSlop={undefined}
        onLayout={undefined}
        onResponderGrant={[Function]}
        onResponderMove={[Function]}
        onResponderRelease={[Function]}
        onResponderTerminate={[Function]}
        onResponderTerminationRequest={[Function]}
        onStartShouldSetResponder={[Function]}
        style={
          Array [
            Object {
              "backgroundColor": "transparent",
            },
            Object {
              "alignItems": "center",
              "backgroundColor": "#00000077",
              "flex": 1,
              "justifyContent": "center",
            },
          ]
        }
        testID={undefined}>
        <View
          accessibilityComponentType={undefined}
          accessibilityLabel={undefined}
          accessibilityTraits={undefined}
          accessible={true}
          hitSlop={undefined}
          onLayout={undefined}
          onResponderGrant={[Function]}
          onResponderMove={[Function]}
          onResponderRelease={[Function]}
          onResponderTerminate={[Function]}
          onResponderTerminationRequest={[Function]}
          onStartShouldSetResponder={[Function]}
          style={
            Array [
              Object {
                "backgroundColor": "transparent",
              },
              Object {},
            ]
          }
          testID={undefined}>
          <View
            style={
              Object {
                "backgroundColor": "#fff",
                "borderRadius": 10,
                "height": 800.4,
                "overflow": "hidden",
                "width": 450,
              }
            }>
            <View
              style={
                Object {
                  "borderBottomColor": "#bbb",
                  "borderBottomWidth": 1,
                  "paddingHorizontal": 20,
                  "paddingVertical": 10,
                }
              }>
              <Text
                accessible={true}
                allowFontScaling={true}
                ellipsizeMode="tail"
                style={
                  Object {
                    "fontSize": 18,
                    "lineHeight": 20,
                  }
                }>
                Test3
              </Text>
            </View>
            <View
              style={
                Object {
                  "height": 720.4,
                }
              }>
              <ScrollView />
            </View>
            <View
              style={
                Object {
                  "backgroundColor": "#40cca2",
                  "borderBottomLeftRadius": 10,
                  "borderBottomRightRadius": 10,
                  "flexDirection": "row",
                  "height": 40,
                  "justifyContent": "space-around",
                }
              }>
              <View
                accessibilityComponentType={undefined}
                accessibilityLabel={undefined}
                accessibilityTraits={undefined}
                accessible={true}
                hitSlop={undefined}
                onLayout={undefined}
                onResponderGrant={[Function]}
                onResponderMove={[Function]}
                onResponderRelease={[Function]}
                onResponderTerminate={[Function]}
                onResponderTerminationRequest={[Function]}
                onStartShouldSetResponder={[Function]}
                style={
                  Array [
                    Object {
                      "backgroundColor": "transparent",
                    },
                    Object {
                      "alignItems": "center",
                      "justifyContent": "center",
                      "paddingLeft": 20,
                      "paddingRight": 20,
                      "width": 225,
                    },
                  ]
                }
                testID={undefined}>
                <Text
                  accessible={true}
                  allowFontScaling={true}
                  ellipsizeMode="tail"
                  style={
                    Object {
                      "color": "#fff",
                      "fontSize": 16,
                    }
                  }>
                  Cancel
                </Text>
              </View>
              <View
                accessibilityComponentType={undefined}
                accessibilityLabel={undefined}
                accessibilityTraits={undefined}
                accessible={true}
                hitSlop={undefined}
                onLayout={undefined}
                onResponderGrant={[Function]}
                onResponderMove={[Function]}
                onResponderRelease={[Function]}
                onResponderTerminate={[Function]}
                onResponderTerminationRequest={[Function]}
                onStartShouldSetResponder={[Function]}
                style={
                  Array [
                    Object {
                      "backgroundColor": "transparent",
                    },
                    Array [
                      Object {
                        "alignItems": "center",
                        "justifyContent": "center",
                        "paddingLeft": 20,
                        "paddingRight": 20,
                        "width": 225,
                      },
                      Object {
                        "borderLeftColor": "#fff",
                        "borderLeftWidth": 0.5,
                      },
                    ],
                  ]
                }
                testID={undefined}>
                <Text
                  accessible={true}
                  allowFontScaling={true}
                  ellipsizeMode="tail"
                  style={
                    Object {
                      "color": "#fff",
                      "fontSize": 16,
                    }
                  }>
                  Confirm
                </Text>
              </View>
            </View>
          </View>
        </View>
      </View>
    </View>
  </Modal>
</View>
`;

exports[`test renders enabled LabelSelect 1`] = `
<View
  style={
    Array [
      Object {
        "alignItems": "center",
        "flexDirection": "row",
        "flexWrap": "wrap",
        "justifyContent": "flex-start",
      },
      Object {},
    ]
  }>
  <View
    style={
      Array [
        Object {
          "alignItems": "center",
          "backgroundColor": "#f6f6f6",
          "borderColor": "#aaa",
          "borderRadius": 6,
          "borderWidth": 1,
          "flexDirection": "row",
          "justifyContent": "center",
          "margin": 4,
          "overflow": "hidden",
        },
        false,
      ]
    }>
    <Text
      accessible={true}
      allowFontScaling={true}
      ellipsizeMode="tail"
      style={
        Array [
          Object {
            "fontSize": 14,
            "lineHeight": 14,
            "padding": 6,
          },
          false,
        ]
      }>
      A
    </Text>
    <View
      accessibilityComponentType={undefined}
      accessibilityLabel={undefined}
      accessibilityTraits={undefined}
      accessible={true}
      hitSlop={undefined}
      onLayout={undefined}
      onResponderGrant={[Function]}
      onResponderMove={[Function]}
      onResponderRelease={[Function]}
      onResponderTerminate={[Function]}
      onResponderTerminationRequest={[Function]}
      onStartShouldSetResponder={[Function]}
      style={
        Array [
          Object {
            "backgroundColor": "transparent",
          },
          Object {
            "borderLeftColor": "#c8c8c8",
            "borderLeftWidth": 1,
            "padding": 8,
          },
        ]
      }
      testID={undefined}>
      <View>
        <Image
          resizeMode="cover"
          source={1}
          style={
            Object {
              "height": 10,
              "width": 10,
            }
          } />
      </View>
    </View>
  </View>
  <View
    style={
      Array [
        Object {
          "alignItems": "center",
          "backgroundColor": "#f6f6f6",
          "borderColor": "#aaa",
          "borderRadius": 6,
          "borderWidth": 1,
          "flexDirection": "row",
          "justifyContent": "center",
          "margin": 4,
          "overflow": "hidden",
        },
        false,
      ]
    }>
    <Text
      accessible={true}
      allowFontScaling={true}
      ellipsizeMode="tail"
      style={
        Array [
          Object {
            "fontSize": 14,
            "lineHeight": 14,
            "padding": 6,
          },
          false,
        ]
      }>
      B
    </Text>
    <View
      accessibilityComponentType={undefined}
      accessibilityLabel={undefined}
      accessibilityTraits={undefined}
      accessible={true}
      hitSlop={undefined}
      onLayout={undefined}
      onResponderGrant={[Function]}
      onResponderMove={[Function]}
      onResponderRelease={[Function]}
      onResponderTerminate={[Function]}
      onResponderTerminationRequest={[Function]}
      onStartShouldSetResponder={[Function]}
      style={
        Array [
          Object {
            "backgroundColor": "transparent",
          },
          Object {
            "borderLeftColor": "#c8c8c8",
            "borderLeftWidth": 1,
            "padding": 8,
          },
        ]
      }
      testID={undefined}>
      <View>
        <Image
          resizeMode="cover"
          source={1}
          style={
            Object {
              "height": 10,
              "width": 10,
            }
          } />
      </View>
    </View>
  </View>
  <View
    accessibilityComponentType={undefined}
    accessibilityLabel={undefined}
    accessibilityTraits={undefined}
    accessible={true}
    hitSlop={undefined}
    onLayout={undefined}
    onResponderGrant={[Function]}
    onResponderMove={[Function]}
    onResponderRelease={[Function]}
    onResponderTerminate={[Function]}
    onResponderTerminationRequest={[Function]}
    onStartShouldSetResponder={[Function]}
    style={
      Array [
        Object {
          "backgroundColor": "transparent",
        },
        Array [
          Object {
            "alignItems": "center",
            "backgroundColor": "#f6f6f6",
            "borderColor": "#aaa",
            "borderRadius": 6,
            "borderWidth": 1,
            "flexDirection": "row",
            "justifyContent": "center",
            "margin": 4,
            "overflow": "hidden",
          },
          Object {
            "padding": 7,
          },
        ],
      ]
    }
    testID={undefined}>
    <Image
      resizeMode="cover"
      source={1}
      style={
        Object {
          "height": 12,
          "width": 12,
        }
      } />
  </View>
  <Modal
    onRequestClose={[Function]}
    transparent={true}
    visible={false}>
    <View
      style={
        Object {
          "flex": 1,
        }
      }>
      <View
        accessibilityComponentType={undefined}
        accessibilityLabel={undefined}
        accessibilityTraits={undefined}
        accessible={true}
        hitSlop={undefined}
        onLayout={undefined}
        onResponderGrant={[Function]}
        onResponderMove={[Function]}
        onResponderRelease={[Function]}
        onResponderTerminate={[Function]}
        onResponderTerminationRequest={[Function]}
        onStartShouldSetResponder={[Function]}
        style={
          Array [
            Object {
              "backgroundColor": "transparent",
            },
            Object {
              "alignItems": "center",
              "backgroundColor": "#00000077",
              "flex": 1,
              "justifyContent": "center",
            },
          ]
        }
        testID={undefined}>
        <View
          accessibilityComponentType={undefined}
          accessibilityLabel={undefined}
          accessibilityTraits={undefined}
          accessible={true}
          hitSlop={undefined}
          onLayout={undefined}
          onResponderGrant={[Function]}
          onResponderMove={[Function]}
          onResponderRelease={[Function]}
          onResponderTerminate={[Function]}
          onResponderTerminationRequest={[Function]}
          onStartShouldSetResponder={[Function]}
          style={
            Array [
              Object {
                "backgroundColor": "transparent",
              },
              Object {},
            ]
          }
          testID={undefined}>
          <View
            style={
              Object {
                "backgroundColor": "#fff",
                "borderRadius": 10,
                "height": 800.4,
                "overflow": "hidden",
                "width": 450,
              }
            }>
            <View
              style={
                Object {
                  "borderBottomColor": "#bbb",
                  "borderBottomWidth": 1,
                  "paddingHorizontal": 20,
                  "paddingVertical": 10,
                }
              }>
              <Text
                accessible={true}
                allowFontScaling={true}
                ellipsizeMode="tail"
                style={
                  Object {
                    "fontSize": 18,
                    "lineHeight": 20,
                  }
                }>
                Test1
              </Text>
            </View>
            <View
              style={
                Object {
                  "height": 720.4,
                }
              }>
              <ScrollView />
            </View>
            <View
              style={
                Object {
                  "backgroundColor": "#40cca2",
                  "borderBottomLeftRadius": 10,
                  "borderBottomRightRadius": 10,
                  "flexDirection": "row",
                  "height": 40,
                  "justifyContent": "space-around",
                }
              }>
              <View
                accessibilityComponentType={undefined}
                accessibilityLabel={undefined}
                accessibilityTraits={undefined}
                accessible={true}
                hitSlop={undefined}
                onLayout={undefined}
                onResponderGrant={[Function]}
                onResponderMove={[Function]}
                onResponderRelease={[Function]}
                onResponderTerminate={[Function]}
                onResponderTerminationRequest={[Function]}
                onStartShouldSetResponder={[Function]}
                style={
                  Array [
                    Object {
                      "backgroundColor": "transparent",
                    },
                    Object {
                      "alignItems": "center",
                      "justifyContent": "center",
                      "paddingLeft": 20,
                      "paddingRight": 20,
                      "width": 225,
                    },
                  ]
                }
                testID={undefined}>
                <Text
                  accessible={true}
                  allowFontScaling={true}
                  ellipsizeMode="tail"
                  style={
                    Object {
                      "color": "#fff",
                      "fontSize": 16,
                    }
                  }>
                  Cancel
                </Text>
              </View>
              <View
                accessibilityComponentType={undefined}
                accessibilityLabel={undefined}
                accessibilityTraits={undefined}
                accessible={true}
                hitSlop={undefined}
                onLayout={undefined}
                onResponderGrant={[Function]}
                onResponderMove={[Function]}
                onResponderRelease={[Function]}
                onResponderTerminate={[Function]}
                onResponderTerminationRequest={[Function]}
                onStartShouldSetResponder={[Function]}
                style={
                  Array [
                    Object {
                      "backgroundColor": "transparent",
                    },
                    Array [
                      Object {
                        "alignItems": "center",
                        "justifyContent": "center",
                        "paddingLeft": 20,
                        "paddingRight": 20,
                        "width": 225,
                      },
                      Object {
                        "borderLeftColor": "#fff",
                        "borderLeftWidth": 0.5,
                      },
                    ],
                  ]
                }
                testID={undefined}>
                <Text
                  accessible={true}
                  allowFontScaling={true}
                  ellipsizeMode="tail"
                  style={
                    Object {
                      "color": "#fff",
                      "fontSize": 16,
                    }
                  }>
                  Confirm
                </Text>
              </View>
            </View>
          </View>
        </View>
      </View>
    </View>
  </Modal>
</View>
`;

exports[`test renders readOnly LabelSelect 1`] = `
<View
  style={
    Array [
      Object {
        "alignItems": "center",
        "flexDirection": "row",
        "flexWrap": "wrap",
        "justifyContent": "flex-start",
      },
      Object {},
    ]
  }>
  <View
    style={
      Array [
        Object {
          "alignItems": "center",
          "backgroundColor": "#f6f6f6",
          "borderColor": "#aaa",
          "borderRadius": 6,
          "borderWidth": 1,
          "flexDirection": "row",
          "justifyContent": "center",
          "margin": 4,
          "overflow": "hidden",
        },
        false,
      ]
    }>
    <Text
      accessible={true}
      allowFontScaling={true}
      ellipsizeMode="tail"
      style={
        Array [
          Object {
            "fontSize": 14,
            "lineHeight": 14,
            "padding": 6,
          },
          false,
        ]
      }>
      A
    </Text>
  </View>
  <View
    style={
      Array [
        Object {
          "alignItems": "center",
          "backgroundColor": "#f6f6f6",
          "borderColor": "#aaa",
          "borderRadius": 6,
          "borderWidth": 1,
          "flexDirection": "row",
          "justifyContent": "center",
          "margin": 4,
          "overflow": "hidden",
        },
        false,
      ]
    }>
    <Text
      accessible={true}
      allowFontScaling={true}
      ellipsizeMode="tail"
      style={
        Array [
          Object {
            "fontSize": 14,
            "lineHeight": 14,
            "padding": 6,
          },
          false,
        ]
      }>
      B
    </Text>
  </View>
  <Modal
    onRequestClose={[Function]}
    transparent={true}
    visible={false}>
    <View
      style={
        Object {
          "flex": 1,
        }
      }>
      <View
        accessibilityComponentType={undefined}
        accessibilityLabel={undefined}
        accessibilityTraits={undefined}
        accessible={true}
        hitSlop={undefined}
        onLayout={undefined}
        onResponderGrant={[Function]}
        onResponderMove={[Function]}
        onResponderRelease={[Function]}
        onResponderTerminate={[Function]}
        onResponderTerminationRequest={[Function]}
        onStartShouldSetResponder={[Function]}
        style={
          Array [
            Object {
              "backgroundColor": "transparent",
            },
            Object {
              "alignItems": "center",
              "backgroundColor": "#00000077",
              "flex": 1,
              "justifyContent": "center",
            },
          ]
        }
        testID={undefined}>
        <View
          accessibilityComponentType={undefined}
          accessibilityLabel={undefined}
          accessibilityTraits={undefined}
          accessible={true}
          hitSlop={undefined}
          onLayout={undefined}
          onResponderGrant={[Function]}
          onResponderMove={[Function]}
          onResponderRelease={[Function]}
          onResponderTerminate={[Function]}
          onResponderTerminationRequest={[Function]}
          onStartShouldSetResponder={[Function]}
          style={
            Array [
              Object {
                "backgroundColor": "transparent",
              },
              Object {},
            ]
          }
          testID={undefined}>
          <View
            style={
              Object {
                "backgroundColor": "#fff",
                "borderRadius": 10,
                "height": 800.4,
                "overflow": "hidden",
                "width": 450,
              }
            }>
            <View
              style={
                Object {
                  "borderBottomColor": "#bbb",
                  "borderBottomWidth": 1,
                  "paddingHorizontal": 20,
                  "paddingVertical": 10,
                }
              }>
              <Text
                accessible={true}
                allowFontScaling={true}
                ellipsizeMode="tail"
                style={
                  Object {
                    "fontSize": 18,
                    "lineHeight": 20,
                  }
                }>
                Test2
              </Text>
            </View>
            <View
              style={
                Object {
                  "height": 720.4,
                }
              }>
              <ScrollView />
            </View>
            <View
              style={
                Object {
                  "backgroundColor": "#40cca2",
                  "borderBottomLeftRadius": 10,
                  "borderBottomRightRadius": 10,
                  "flexDirection": "row",
                  "height": 40,
                  "justifyContent": "space-around",
                }
              }>
              <View
                accessibilityComponentType={undefined}
                accessibilityLabel={undefined}
                accessibilityTraits={undefined}
                accessible={true}
                hitSlop={undefined}
                onLayout={undefined}
                onResponderGrant={[Function]}
                onResponderMove={[Function]}
                onResponderRelease={[Function]}
                onResponderTerminate={[Function]}
                onResponderTerminationRequest={[Function]}
                onStartShouldSetResponder={[Function]}
                style={
                  Array [
                    Object {
                      "backgroundColor": "transparent",
                    },
                    Object {
                      "alignItems": "center",
                      "justifyContent": "center",
                      "paddingLeft": 20,
                      "paddingRight": 20,
                      "width": 225,
                    },
                  ]
                }
                testID={undefined}>
                <Text
                  accessible={true}
                  allowFontScaling={true}
                  ellipsizeMode="tail"
                  style={
                    Object {
                      "color": "#fff",
                      "fontSize": 16,
                    }
                  }>
                  Cancel
                </Text>
              </View>
              <View
                accessibilityComponentType={undefined}
                accessibilityLabel={undefined}
                accessibilityTraits={undefined}
                accessible={true}
                hitSlop={undefined}
                onLayout={undefined}
                onResponderGrant={[Function]}
                onResponderMove={[Function]}
                onResponderRelease={[Function]}
                onResponderTerminate={[Function]}
                onResponderTerminationRequest={[Function]}
                onStartShouldSetResponder={[Function]}
                style={
                  Array [
                    Object {
                      "backgroundColor": "transparent",
                    },
                    Array [
                      Object {
                        "alignItems": "center",
                        "justifyContent": "center",
                        "paddingLeft": 20,
                        "paddingRight": 20,
                        "width": 225,
                      },
                      Object {
                        "borderLeftColor": "#fff",
                        "borderLeftWidth": 0.5,
                      },
                    ],
                  ]
                }
                testID={undefined}>
                <Text
                  accessible={true}
                  allowFontScaling={true}
                  ellipsizeMode="tail"
                  style={
                    Object {
                      "color": "#fff",
                      "fontSize": 16,
                    }
                  }>
                  Confirm
                </Text>
              </View>
            </View>
          </View>
        </View>
      </View>
    </View>
  </Modal>
</View>
`;
